// Jest Snapshot v1, https://goo.gl/fbAQLP

exports[`will render a BookShelfChanger 1`] = `
<div
  className="book-shelf-changer"
>
  <select
    onChange={[Function]}
  >
    <option
      selected="selected"
      value="move-to"
    >
      Move to...
    </option>
    <option
      value="currentlyReading"
    >
      Currently Reading
    </option>
    <option
      value="wantToRead"
    >
      Want to Read
    </option>
    <option
      value="read"
    >
      Read
    </option>
    <option
      value="none"
    >
      None
    </option>
  </select>
</div>
`;
