// Jest Snapshot v1, https://goo.gl/fbAQLP

exports[`will render ListBooks 1`] = `
<div
  className="list-books"
>
  <div
    className="list-books-title"
  >
    <h1>
      MyReads
    </h1>
  </div>
  <div
    className="list-books-content"
  >
    <div>
      <div
        className="bookshelf"
      >
        <h2
          className="bookshelf-title"
        >
          Currently Reading
        </h2>
        <div
          className="bookshelf-books"
        >
          <ol
            className="books-grid"
          />
        </div>
      </div>
      <div
        className="bookshelf"
      >
        <h2
          className="bookshelf-title"
        >
          Want to Read
        </h2>
        <div
          className="bookshelf-books"
        >
          <ol
            className="books-grid"
          >
            <li>
              <div
                className="book"
              >
                <div
                  className="book-top"
                >
                  <div
                    className="book-cover"
                    style={
                      Object {
                        "backgroundImage": "url(http://books.google.com/books/content?id=nggnmAEACAAJ&printsec=frontcover&img=1&zoom=5&source=gbs_api)",
                      }
                    }
                  />
                  <div
                    className="book-shelf-changer"
                  >
                    <select>
                      <option
                        disabled={true}
                        value="none"
                      >
                        Move to...
                      </option>
                      <option
                        value="currentlyReading"
                      >
                        Currently Reading
                      </option>
                      <option
                        value="wantToRead"
                      >
                        Want to Read
                      </option>
                      <option
                        value="read"
                      >
                        Read
                      </option>
                      <option
                        value="none"
                      >
                        None
                      </option>
                    </select>
                  </div>
                </div>
                <div
                  className="book-authors"
                >
                  David McCullugh
                </div>
                <div
                  className="book-title"
                >
                  1776
                </div>
              </div>
            </li>
            <li>
              <div
                className="book"
              >
                <div
                  className="book-top"
                >
                  <div
                    className="book-cover"
                    style={
                      Object {
                        "backgroundImage": "url(http://books.google.com/books/content?id=nggnmAEACAAJ&printsec=frontcover&img=1&zoom=5&source=gbs_api)",
                      }
                    }
                  />
                  <div
                    className="book-shelf-changer"
                  >
                    <select>
                      <option
                        disabled={true}
                        value="none"
                      >
                        Move to...
                      </option>
                      <option
                        value="currentlyReading"
                      >
                        Currently Reading
                      </option>
                      <option
                        value="wantToRead"
                      >
                        Want to Read
                      </option>
                      <option
                        value="read"
                      >
                        Read
                      </option>
                      <option
                        value="none"
                      >
                        None
                      </option>
                    </select>
                  </div>
                </div>
                <div
                  className="book-authors"
                >
                  J.K. Rowling
                </div>
                <div
                  className="book-title"
                >
                  Harry Potter and the Sorcerer's Stone
                </div>
              </div>
            </li>
          </ol>
        </div>
      </div>
      <div
        className="bookshelf"
      >
        <h2
          className="bookshelf-title"
        >
          Read
        </h2>
        <div
          className="bookshelf-books"
        >
          <ol
            className="books-grid"
          >
            <li>
              <div
                className="book"
              >
                <div
                  className="book-top"
                >
                  <div
                    className="book-cover"
                    style={
                      Object {
                        "backgroundImage": "url(http://books.google.com/books/content?id=nggnmAEACAAJ&printsec=frontcover&img=1&zoom=5&source=gbs_api)",
                      }
                    }
                  />
                  <div
                    className="book-shelf-changer"
                  >
                    <select>
                      <option
                        disabled={true}
                        value="none"
                      >
                        Move to...
                      </option>
                      <option
                        value="currentlyReading"
                      >
                        Currently Reading
                      </option>
                      <option
                        value="wantToRead"
                      >
                        Want to Read
                      </option>
                      <option
                        value="read"
                      >
                        Read
                      </option>
                      <option
                        value="none"
                      >
                        None
                      </option>
                    </select>
                  </div>
                </div>
                <div
                  className="book-authors"
                >
                  J.R.R. Tolkien
                </div>
                <div
                  className="book-title"
                >
                  The Hobbit
                </div>
              </div>
            </li>
            <li>
              <div
                className="book"
              >
                <div
                  className="book-top"
                >
                  <div
                    className="book-cover"
                    style={
                      Object {
                        "backgroundImage": "url(http://books.google.com/books/content?id=nggnmAEACAAJ&printsec=frontcover&img=1&zoom=5&source=gbs_api)",
                      }
                    }
                  />
                  <div
                    className="book-shelf-changer"
                  >
                    <select>
                      <option
                        disabled={true}
                        value="none"
                      >
                        Move to...
                      </option>
                      <option
                        value="currentlyReading"
                      >
                        Currently Reading
                      </option>
                      <option
                        value="wantToRead"
                      >
                        Want to Read
                      </option>
                      <option
                        value="read"
                      >
                        Read
                      </option>
                      <option
                        value="none"
                      >
                        None
                      </option>
                    </select>
                  </div>
                </div>
                <div
                  className="book-authors"
                >
                  Seuss
                </div>
                <div
                  className="book-title"
                >
                  Oh, the Places You'll Go!
                </div>
              </div>
            </li>
            <li>
              <div
                className="book"
              >
                <div
                  className="book-top"
                >
                  <div
                    className="book-cover"
                    style={
                      Object {
                        "backgroundImage": "url(http://books.google.com/books/content?id=nggnmAEACAAJ&printsec=frontcover&img=1&zoom=5&source=gbs_api)",
                      }
                    }
                  />
                  <div
                    className="book-shelf-changer"
                  >
                    <select>
                      <option
                        disabled={true}
                        value="none"
                      >
                        Move to...
                      </option>
                      <option
                        value="currentlyReading"
                      >
                        Currently Reading
                      </option>
                      <option
                        value="wantToRead"
                      >
                        Want to Read
                      </option>
                      <option
                        value="read"
                      >
                        Read
                      </option>
                      <option
                        value="none"
                      >
                        None
                      </option>
                    </select>
                  </div>
                </div>
                <div
                  className="book-authors"
                >
                  Mark Twain
                </div>
                <div
                  className="book-title"
                >
                  The Adventures of Tom Sawyer
                </div>
              </div>
            </li>
          </ol>
        </div>
      </div>
    </div>
  </div>
   
  <div
    className="open-search"
  >
    <a
      onClick={[Function]}
    >
      Add a book
    </a>
  </div>
</div>
`;
